// Jest Snapshot v1, https://goo.gl/fbAQLP

exports[`Header Component return Header: Header 1`] = `
<ContextConsumer>
  <Component />
</ContextConsumer>
`;
