// Jest Snapshot v1, https://goo.gl/fbAQLP

exports[`SeriesMoviesList Component return an empty array: SeriesMoviesList 1`] = `<Fragment />`;

exports[`SeriesMoviesList Component return five items 1`] = `
<Fragment>
  <span
    className="pr-3 pt-3 pb-3"
    key="0"
  >
    <SeriesMoviesCard
      alt="Wolf Creek"
      image="https://streamcoimg-a.akamaihd.net/000/128/61/12861-PosterArt-ec32a81986a45eac7e080112075ab466.jpg"
      title="Wolf Creek"
    />
  </span>
  <span
    className="pr-3 pt-3 pb-3"
    key="1"
  >
    <SeriesMoviesCard
      alt="No Activity"
      image="https://streamcoimg-a.akamaihd.net/000/106/36/10636-PosterArt-9add943c5e62c2d89f6d31458d33508a.jpg"
      title="No Activity"
    />
  </span>
  <span
    className="pr-3 pt-3 pb-3"
    key="2"
  >
    <SeriesMoviesCard
      alt="Billions"
      image="https://streamcoimg-a.akamaihd.net/000/117/25/11725-PosterArt-deecf8dbd786dfa2d964413b0bf83726.jpg"
      title="Billions"
    />
  </span>
  <span
    className="pr-3 pt-3 pb-3"
    key="3"
  >
    <SeriesMoviesCard
      alt="Better Call Saul"
      image="https://streamcoimg-a.akamaihd.net/000/175/7/1757-PosterArt-fc0e2a5b18d4a662717f3cbb1827871d.jpg"
      title="Better Call Saul"
    />
  </span>
  <span
    className="pr-3 pt-3 pb-3"
    key="4"
  >
    <SeriesMoviesCard
      alt="Younger"
      image="https://streamcoimg-a.akamaihd.net/000/143/24/14324-PosterArt-a0168953a3b93681dbd60c7bcc50a0af.jpg"
      title="Younger"
    />
  </span>
</Fragment>
`;
